logger::11/29/2020, 01:16:09::8.677e-05
logger::11/29/2020, 01:16:09::9.677e-05
logger::11/29/2020, 01:16:09::9.999999999999999e-06
logger::11/29/2020, 01:17:36::0.0000867700
logger::11/29/2020, 01:17:36::0.0000967700
logger::11/29/2020, 01:17:36::0.0000100000
logger::11/29/2020, 01:17:55::0.00008677
logger::11/29/2020, 01:17:55::0.00009677
logger::11/29/2020, 01:17:55::0.00001000
